// Jest Snapshot v1, https://goo.gl/fbAQLP

exports[`aliases @expo/vector-icons 1`] = `
"'use strict';
require('expo-web');
require('expo-web');

imposter.require('@expo/vector-icons');
imposter.import('@expo/vector-icons');"
`;

exports[`aliases react-native-vector-icons 1`] = `
"'use strict';
require('expo-web/dist/exports');
require('expo-web/dist/exports');

imposter.require('react-native-vector-icons');
imposter.import('react-native-vector-icons');"
`;

exports[`composes with babel-plugin-module-resolver 1`] = `
"'use strict';
require('react-native-web');
require('expo-web');"
`;

exports[`replace __DEV__ 1`] = `"\\"use strict\\";true;"`;

exports[`web extension local file 1`] = `
"'use strict';
require('C:\\\\\\\\Users\\\\\\\\dalci\\\\\\\\playground\\\\\\\\parcel-plugin-react-native-web\\\\\\\\tests\\\\\\\\module.web.js');
require('./tests/module');

imposter.require('./tests/module');
imposter.import('./tests/module');"
`;

exports[`web extension local folder 1`] = `
"'use strict';
require('C:\\\\\\\\Users\\\\\\\\dalci\\\\\\\\playground\\\\\\\\parcel-plugin-react-native-web\\\\\\\\tests\\\\\\\\comp\\\\\\\\index.web.js');
require('./tests/comp');

imposter.require('./tests/comp');
imposter.import('./tests/comp');"
`;
